[19:55:46] [Server thread/INFO]: Starting minecraft server version 1.12
[19:55:46] [Server thread/INFO]: Loading properties
[19:55:46] [Server thread/INFO]: Default game type: CREATIVE
[19:55:46] [Server thread/INFO]: Generating keypair
[19:55:46] [Server thread/INFO]: Starting Minecraft server on *:25565
[19:55:46] [Server thread/INFO]: Using default channel type
[19:55:47] [Server thread/INFO]: This server is running CraftBukkit version git-Bukkit-ed8c725 (MC: 1.12) (Implementing API version 1.12-R0.1-SNAPSHOT)
[19:55:47] [Server thread/INFO]: [RaspberryJuice] Loading RaspberryJuice v1.10
[19:55:47] [Server thread/WARN]: **** SERVER IS RUNNING IN OFFLINE/INSECURE MODE!
[19:55:47] [Server thread/WARN]: The server will make no attempt to authenticate usernames. Beware.
[19:55:47] [Server thread/WARN]: While this makes the game possible to play without internet access, it also opens up the ability for hackers to connect with any username they choose.
[19:55:47] [Server thread/WARN]: To change this, set "online-mode" to "true" in the server.properties file.
[19:55:47] [Server thread/INFO]: Preparing level "world"
[19:55:47] [Server thread/INFO]: Preparing start region for level 0 (Seed: 2918062084210085418)
[19:55:48] [Server thread/INFO]: Preparing spawn area: 41%
[19:55:49] [Server thread/INFO]: Preparing start region for level 1 (Seed: 2918062084210085418)
[19:55:50] [Server thread/INFO]: Preparing start region for level 2 (Seed: 2918062084210085418)
[19:55:50] [Server thread/INFO]: [RaspberryJuice] Enabling RaspberryJuice v1.10
[19:55:50] [Server thread/INFO]: [RaspberryJuice] Using port 4711
[19:55:50] [Server thread/INFO]: [RaspberryJuice] Using ABSOLUTE locations
[19:55:50] [Server thread/INFO]: [RaspberryJuice] Using BOTH clicks for hits
[19:55:50] [Server thread/INFO]: [RaspberryJuice] ThreadListener Started
[19:55:50] [Server thread/INFO]: Server permissions file permissions.yml is empty, ignoring it
[19:55:50] [Server thread/INFO]: Done (2,998s)! For help, type "help" or "?"
[19:56:01] [Server thread/INFO]: Bucolicus[/127.0.0.1:54420] logged in with entity id 16 at ([world]705.4145859861738, 79.0, 94.34416264975204)
[19:56:43] [Thread-4/INFO]: [RaspberryJuice] Opened connection to/127.0.0.1:63818.
[19:56:43] [Thread-6/INFO]: [RaspberryJuice] Starting input thread
[19:56:43] [Thread-7/INFO]: [RaspberryJuice] Starting output thread!
[19:56:43] [Server thread/INFO]: Sistema TAP inicialitzat. Esperant comandes...[m

[19:56:55] [Netty Server IO #1/INFO]: <Bucolicus> explorer start[m

[19:57:29] [Netty Server IO #1/INFO]: <Bucolicus> explorer start[m

[19:57:35] [Netty Server IO #1/INFO]: <Bucolicus> miner mine[m

[19:57:35] [Server thread/INFO]: [!] Comanda desconeguda: miner mine[m

[19:57:35] [Server thread/INFO]: Prova: agent help | miner/builder/explorer <action>[m

[19:57:40] [Netty Server IO #1/INFO]: <Bucolicus> miner start[m

[19:57:41] [Server thread/INFO]: [Miner] Minant a la posicio del jugador[m

[19:58:02] [Netty Server IO #1/INFO]: <Bucolicus> miner start[m

[19:58:03] [Server thread/INFO]: [Miner] Minant a la posicio del jugador[m

[19:58:08] [Netty Server IO #1/INFO]: <Bucolicus> builder build[m

[19:58:09] [Server thread/INFO]: [Builder] Error: cap dades de mapa. Espera l'Explorer.[m

[20:01:56] [Server thread/INFO]: Sistema TAP aturat.[m

[20:01:56] [Server thread/INFO]: [RaspberryJuice] Closed connection to/127.0.0.1:63818.
[20:01:58] [Thread-4/INFO]: [RaspberryJuice] Opened connection to/127.0.0.1:59511.
[20:01:58] [Thread-8/INFO]: [RaspberryJuice] Starting input thread
[20:01:58] [Thread-9/INFO]: [RaspberryJuice] Starting output thread!
[20:01:58] [Server thread/INFO]: Sistema TAP inicialitzat. Esperant comandes...[m

[20:02:04] [Netty Server IO #1/INFO]: <Bucolicus> explorer start[m

[20:02:23] [Netty Server IO #1/INFO]: <Bucolicus> builder start[m

[20:02:24] [Server thread/INFO]: [!] Comanda desconeguda: builder start[m

[20:02:24] [Server thread/INFO]: Prova: agent help | miner/builder/explorer <action>[m

[20:02:28] [Netty Server IO #1/INFO]: <Bucolicus> builder build[m

[20:02:29] [Server thread/INFO]: [Builder] Error: cap dades de mapa. Espera l'Explorer.[m

[20:03:05] [Netty Server IO #1/INFO]: <Bucolicus> builder plan set simple_house[m

[20:03:06] [Server thread/INFO]: [Builder] Template establert a 'simple_house'[m

[20:03:12] [Netty Server IO #1/INFO]: <Bucolicus> miner fulfill[m

[20:03:13] [Server thread/INFO]: [Miner] Error: cap peticio BOM pendent[m

[20:03:20] [Netty Server IO #1/INFO]: <Bucolicus> explorer start[m

[20:03:31] [Netty Server IO #1/INFO]: <Bucolicus> miner mine[m

[20:03:31] [Server thread/INFO]: [!] Comanda desconeguda: miner mine[m

[20:03:31] [Server thread/INFO]: Prova: agent help | miner/builder/explorer <action>[m

[20:03:35] [Netty Server IO #1/INFO]: <Bucolicus> miner start[m

[20:03:36] [Server thread/INFO]: [Miner] Minant a la posicio del jugador[m

[20:11:16] [Server thread/INFO]: Sistema TAP aturat.[m

[20:11:16] [Server thread/INFO]: [RaspberryJuice] Closed connection to/127.0.0.1:59511.
[20:11:18] [Thread-4/INFO]: [RaspberryJuice] Opened connection to/127.0.0.1:63907.
[20:11:18] [Thread-10/INFO]: [RaspberryJuice] Starting input thread
[20:11:18] [Thread-11/INFO]: [RaspberryJuice] Starting output thread!
[20:11:18] [Server thread/INFO]: Sistema TAP inicialitzat. Esperant comandes...[m

[20:11:22] [Netty Server IO #1/INFO]: <Bucolicus> miner start[m

[20:11:23] [Server thread/INFO]: [Miner] Minant a la posicio del jugador[m

[20:11:33] [Netty Server IO #1/INFO]: <Bucolicus> explorer start[m

[20:17:16] [Server thread/INFO]: Sistema TAP aturat.[m

[20:17:16] [Server thread/INFO]: [RaspberryJuice] Closed connection to/127.0.0.1:63907.
[20:17:18] [Thread-4/INFO]: [RaspberryJuice] Opened connection to/127.0.0.1:58644.
[20:17:18] [Thread-13/INFO]: [RaspberryJuice] Starting output thread!
[20:17:18] [Thread-12/INFO]: [RaspberryJuice] Starting input thread
[20:17:18] [Server thread/INFO]: Sistema TAP inicialitzat. Esperant comandes...[m

[20:17:26] [Netty Server IO #1/INFO]: <Bucolicus> explorer start[m

[20:17:46] [Netty Server IO #1/INFO]: <Bucolicus> miner mine[m

[20:17:47] [Server thread/INFO]: [!] Comanda desconeguda: miner mine[m

[20:17:47] [Server thread/INFO]: Prova: agent help | miner/builder/explorer <action>[m

[20:17:51] [Netty Server IO #1/INFO]: <Bucolicus> miner start[m

[20:17:52] [Server thread/INFO]: [Miner] Minant a la posicio del jugador[m

[20:20:16] [Netty Server IO #1/INFO]: <Bucolicus> builder bom[m

[20:20:17] [Server thread/INFO]: [Builder] Error: cap dades de mapa. Espera l'Explorer.[m

[20:22:30] [Server thread/INFO]: Sistema TAP aturat.[m

[20:22:30] [Server thread/INFO]: [RaspberryJuice] Closed connection to/127.0.0.1:58644.
[20:22:31] [Thread-4/INFO]: [RaspberryJuice] Opened connection to/127.0.0.1:59371.
[20:22:31] [Thread-14/INFO]: [RaspberryJuice] Starting input thread
[20:22:31] [Thread-15/INFO]: [RaspberryJuice] Starting output thread!
[20:22:31] [Server thread/INFO]: Sistema TAP inicialitzat. Esperant comandes...[m

[20:22:37] [Netty Server IO #1/INFO]: <Bucolicus> miner start[m

[20:22:38] [Server thread/INFO]: [Miner] Minant a la posicio del jugador[m

[20:22:46] [Netty Server IO #1/INFO]: <Bucolicus> explorer start[m

[20:24:24] [Netty Server IO #1/INFO]: <Bucolicus> explorer start[m

[20:24:59] [Server thread/INFO]: Sistema TAP aturat.[m

[20:24:59] [Server thread/INFO]: [RaspberryJuice] Closed connection to/127.0.0.1:59371.
[20:25:01] [Thread-4/INFO]: [RaspberryJuice] Opened connection to/127.0.0.1:59759.
[20:25:01] [Thread-17/INFO]: [RaspberryJuice] Starting output thread!
[20:25:01] [Thread-16/INFO]: [RaspberryJuice] Starting input thread
[20:25:01] [Server thread/INFO]: Sistema TAP inicialitzat. Esperant comandes...[m

[20:25:04] [Netty Server IO #1/INFO]: <Bucolicus> explorer start[m

[20:27:31] [Server thread/INFO]: Sistema TAP aturat.[m

[20:27:31] [Server thread/INFO]: [RaspberryJuice] Closed connection to/127.0.0.1:59759.
[20:27:33] [Thread-4/INFO]: [RaspberryJuice] Opened connection to/127.0.0.1:55347.
[20:27:33] [Thread-19/INFO]: [RaspberryJuice] Starting output thread!
[20:27:33] [Thread-18/INFO]: [RaspberryJuice] Starting input thread
[20:27:33] [Server thread/INFO]: Sistema TAP inicialitzat. Esperant comandes...[m

[20:27:38] [Netty Server IO #1/INFO]: <Bucolicus> explorer start[m

[20:27:38] [Server thread/INFO]: [Explorer] Iniciant exploracio...[m

[20:27:44] [Server thread/INFO]: [Explorer] Exploracio completada![m

[20:27:44] [Server thread/INFO]:   Regions planes: 107[m

[20:27:44] [Server thread/INFO]:   Obstacles: 14[m

[20:27:45] [Server thread/INFO]: [Builder] Mapa rebut de l'Explorer[m

[20:28:12] [Netty Server IO #1/INFO]: <Bucolicus> miner start[m

[20:28:13] [Server thread/INFO]: [Miner] Minant a la posicio del jugador[m

[20:28:13] [Server thread/INFO]: [Miner] Iniciant mineria (vertical)[m

[20:28:13] [Server thread/INFO]: [Miner] Minant verticalment desde (695, 78, 111)[m

[20:28:15] [Server thread/INFO]: [Miner] Minat total: 19 blocs (stone:17, coal_ore:2)[m

[20:28:26] [Netty Server IO #1/INFO]: <Bucolicus> miner set strategy drid[m

[20:28:27] [Server thread/INFO]: [Miner] Error: estrategia desconeguda 'drid'[m

[20:28:27] [Server thread/INFO]: [Miner] Disponibles: vertical, grid[m

[20:28:36] [Netty Server IO #1/INFO]: <Bucolicus> miner set strategy grid[m

[20:28:37] [Server thread/INFO]: [Miner] Estrategia canviada a 'grid'[m

[20:28:45] [Netty Server IO #1/INFO]: <Bucolicus> miner start[m

[20:28:46] [Server thread/INFO]: [Miner] Minant a la posicio del jugador[m

[20:28:46] [Server thread/INFO]: [Miner] Iniciant mineria (grid)[m

[20:28:46] [Server thread/INFO]: [Miner] Minant cub 5x5x5 centrat a (696, 78, 110)[m

[20:28:53] [Server thread/INFO]: [Miner] Minat total: 96 blocs (stone:92, coal_ore:4)[m

[20:54:44] [Server thread/INFO]: Bucolicus lost connection: Disconnected
[20:54:44] [Server thread/INFO]: Bucolicus left the game
